Copyright 1986-2022 Xilinx, Inc. All Rights Reserved. Copyright 2022-2025 Advanced Micro Devices, Inc. All Rights Reserved.
---------------------------------------------------------------------------------------------------------------------------------------------
| Tool Version : Vivado v.2025.1 (win64) Build 6140274 Thu May 22 00:12:29 MDT 2025
| Date         : Thu Jan  8 01:42:01 2026
| Host         : LAPTOP-SU9IJVLN running 64-bit major release  (build 9200)
| Command      : report_control_sets -verbose -file riscv_m_unit_control_sets_placed.rpt
| Design       : riscv_m_unit
| Device       : xc7a35ti
---------------------------------------------------------------------------------------------------------------------------------------------

Control Set Information

Table of Contents
-----------------
1. Summary
2. Histogram
3. Flip-Flop Distribution
4. Detailed Control Set Information

1. Summary
----------

+----------------------------------------------------------+-------+
|                          Status                          | Count |
+----------------------------------------------------------+-------+
| Total control sets                                       |     6 |
|    Minimum number of control sets                        |     6 |
|    Addition due to synthesis replication                 |     0 |
|    Addition due to physical synthesis replication        |     0 |
| Unused register locations in slices containing registers |    11 |
+----------------------------------------------------------+-------+
* Control sets can be merged at opt_design using control_set_merge or merge_equivalent_drivers
** Run report_qor_suggestions for automated merging and remapping suggestions


2. Histogram
------------

+--------------------+-------+
|       Fanout       | Count |
+--------------------+-------+
| Total control sets |     6 |
| >= 0 to < 4        |     1 |
| >= 4 to < 6        |     1 |
| >= 6 to < 8        |     1 |
| >= 8 to < 10       |     0 |
| >= 10 to < 12      |     0 |
| >= 12 to < 14      |     0 |
| >= 14 to < 16      |     0 |
| >= 16              |     3 |
+--------------------+-------+
* Control sets can be remapped at either synth_design or opt_design


3. Flip-Flop Distribution
-------------------------

+--------------+-----------------------+------------------------+-----------------+--------------+
| Clock Enable | Synchronous Set/Reset | Asynchronous Set/Reset | Total Registers | Total Slices |
+--------------+-----------------------+------------------------+-----------------+--------------+
| No           | No                    | No                     |               2 |            2 |
| No           | No                    | Yes                    |               0 |            0 |
| No           | Yes                   | No                     |               0 |            0 |
| Yes          | No                    | No                     |               0 |            0 |
| Yes          | No                    | Yes                    |             107 |           62 |
| Yes          | Yes                   | No                     |               0 |            0 |
+--------------+-----------------------+------------------------+-----------------+--------------+


4. Detailed Control Set Information
-----------------------------------

+----------------+-----------------------------+------------------+------------------+----------------+--------------+
|  Clock Signal  |        Enable Signal        | Set/Reset Signal | Slice Load Count | Bel Load Count | Bels / Slice |
+----------------+-----------------------------+------------------+------------------+----------------+--------------+
|  clk_IBUF_BUFG |                             |                  |                2 |              2 |         1.00 |
|  clk_IBUF_BUFG | FSM_onehot_state[4]_i_1_n_0 | rst_IBUF         |                3 |              5 |         1.67 |
|  clk_IBUF_BUFG | count                       | rst_IBUF         |                4 |              6 |         1.50 |
|  clk_IBUF_BUFG | FSM_onehot_state[2]_i_1_n_0 | rst_IBUF         |                8 |             32 |         4.00 |
|  clk_IBUF_BUFG | reg_p[63]_i_1_n_0           | rst_IBUF         |               23 |             32 |         1.39 |
|  clk_IBUF_BUFG | reg_p[31]_i_1_n_0           | rst_IBUF         |               24 |             32 |         1.33 |
+----------------+-----------------------------+------------------+------------------+----------------+--------------+


